// Jest Snapshot v1, https://goo.gl/fbAQLP

exports[`Home Screen should render correctly 1`] = `
<View
  style={
    Array [
      Object {
        "alignItems": "center",
        "flex": 1,
        "justifyContent": "space-between",
        "paddingHorizontal": 20,
        "paddingVertical": 24,
        "width": "100%",
      },
      undefined,
    ]
  }
>
  <RCTScrollView
    ListEmptyComponent={[Function]}
    contentContainerStyle={Object {}}
    data={Array []}
    getItem={[Function]}
    getItemCount={[Function]}
    keyExtractor={[Function]}
    onContentSizeChange={[Function]}
    onLayout={[Function]}
    onMomentumScrollBegin={[Function]}
    onMomentumScrollEnd={[Function]}
    onScroll={[Function]}
    onScrollBeginDrag={[Function]}
    onScrollEndDrag={[Function]}
    removeClippedSubviews={false}
    renderItem={[Function]}
    scrollEventThrottle={50}
    stickyHeaderIndices={Array []}
    style={
      Object {
        "flex": 1,
        "width": "100%",
      }
    }
    testID="home-list"
    viewabilityConfigCallbackPairs={Array []}
  >
    <View>
      <View
        style={
          Object {
            "alignItems": "center",
            "flex": 1,
            "justifyContent": "center",
          }
        }
      >
        <View
          style={
            Object {
              "marginVertical": 32,
            }
          }
        >
          <Icon
            color="#22272E"
            name="file-document-edit-outline"
            size={80}
          />
        </View>
        <Text
          style={
            Object {
              "color": "#22272E",
              "fontFamily": "System",
              "fontSize": 28,
              "fontWeight": "700",
              "marginBottom": 8,
              "textAlign": "center",
            }
          }
        >
          Nenhuma anotação a ser revisada
        </Text>
        <Text
          style={
            Object {
              "color": "#000000B3",
              "fontFamily": "System",
              "fontSize": 20,
              "fontWeight": "600",
              "marginBottom": 8,
              "textAlign": "center",
            }
          }
        >
          Insira novas anotações ou revise as anotações acessando-as pela seção de categorias
        </Text>
      </View>
    </View>
  </RCTScrollView>
  <View
    style={
      Object {
        "alignItems": "center",
        "backgroundColor": "#22272E",
        "borderRadius": 30,
        "bottom": 24,
        "height": 60,
        "justifyContent": "center",
        "position": "absolute",
        "right": 20,
        "width": 60,
      }
    }
    testID="floating-add-container"
  >
    <Icon
      color="#FFFFFF"
      name="plus"
      size={50}
    />
  </View>
</View>
`;
