// Jest Snapshot v1, https://goo.gl/fbAQLP

exports[`Note List Screen should render correctly 1`] = `
Array [
  <RCTScrollView
    contentContainerStyle={
      Object {
        "paddingHorizontal": 20,
        "paddingVertical": 24,
      }
    }
    data={Array []}
    getItem={[Function]}
    getItemCount={[Function]}
    keyExtractor={[Function]}
    onContentSizeChange={[Function]}
    onLayout={[Function]}
    onMomentumScrollBegin={[Function]}
    onMomentumScrollEnd={[Function]}
    onScroll={[Function]}
    onScrollBeginDrag={[Function]}
    onScrollEndDrag={[Function]}
    renderItem={[Function]}
    scrollEventThrottle={50}
    stickyHeaderIndices={Array []}
    style={
      Object {
        "flex": 1,
        "width": "100%",
      }
    }
  >
    <View />
  </RCTScrollView>,
  <View
    style={
      Object {
        "alignItems": "center",
        "backgroundColor": "#22272E",
        "borderRadius": 30,
        "bottom": 24,
        "height": 60,
        "justifyContent": "center",
        "position": "absolute",
        "right": 20,
        "width": 60,
      }
    }
    testID="floating-add-container"
  >
    <Icon
      color="#FFFFFF"
      name="plus"
      size={50}
    />
  </View>,
]
`;
