// Jest Snapshot v1, https://goo.gl/fbAQLP

exports[`Note Show Screen should render correctly 1`] = `
<View
  style={
    Array [
      Object {
        "alignItems": "center",
        "flex": 1,
        "justifyContent": "space-between",
        "paddingHorizontal": 20,
        "paddingVertical": 24,
        "width": "100%",
      },
      undefined,
    ]
  }
>
  <View
    style={
      Object {
        "flex": 1,
        "flexDirection": "column",
        "justifyContent": "space-between",
        "width": "100%",
      }
    }
  >
    <View>
      <View>
        <Text>
          Erro
        </Text>
      </View>
    </View>
    <View>
      <View
        accessibilityRole="button"
        accessibilityState={
          Object {
            "disabled": false,
          }
        }
        accessible={true}
        collapsable={false}
        focusable={true}
        onBlur={[Function]}
        onClick={[Function]}
        onFocus={[Function]}
        onResponderGrant={[Function]}
        onResponderMove={[Function]}
        onResponderRelease={[Function]}
        onResponderTerminate={[Function]}
        onResponderTerminationRequest={[Function]}
        onStartShouldSetResponder={[Function]}
        style={
          Array [
            Object {
              "overflow": "hidden",
            },
            false,
            Object {
              "borderRadius": 20,
            },
          ]
        }
        testID="ButtonTestID Salvar Anotação"
      >
        <View
          style={
            Array [
              Object {
                "alignItems": "center",
                "flexDirection": "row",
                "justifyContent": "center",
              },
              undefined,
            ]
          }
        >
          <Text
            numberOfLines={1}
            selectable={false}
            style={
              Array [
                Object {
                  "color": "rgba(28, 27, 31, 1)",
                  "fontFamily": "System",
                  "fontSize": 14,
                  "fontWeight": "500",
                  "letterSpacing": 0.1,
                  "lineHeight": 20,
                },
                Object {
                  "textAlign": "left",
                },
                Object {
                  "writingDirection": "ltr",
                },
                Array [
                  Object {
                    "marginHorizontal": 16,
                    "marginVertical": 9,
                    "textAlign": "center",
                  },
                  false,
                  Object {
                    "marginHorizontal": 24,
                    "marginVertical": 10,
                  },
                  undefined,
                  false,
                  Object {
                    "color": "#FFFFFF",
                    "fontFamily": "System",
                    "fontSize": 14,
                    "fontWeight": "500",
                    "letterSpacing": 0.1,
                    "lineHeight": 20,
                  },
                  undefined,
                ],
              ]
            }
          >
            Salvar Anotação
          </Text>
        </View>
      </View>
    </View>
  </View>
</View>
`;
