// Jest Snapshot v1, https://goo.gl/fbAQLP

exports[`Subject List Screen should render correctly 1`] = `
Array [
  <RCTScrollView
    ListEmptyComponent={[Function]}
    contentContainerStyle={
      Object {
        "flexGrow": 1,
        "paddingHorizontal": 20,
        "paddingVertical": 24,
      }
    }
    data={
      Array [
        Object {
          "color": "#ffffff",
          "id": "subject_1",
          "name": "Assunto 1",
        },
        Object {
          "color": "#d11cd5",
          "id": "subject_2",
          "name": "Assunto 2",
        },
      ]
    }
    getItem={[Function]}
    getItemCount={[Function]}
    keyExtractor={[Function]}
    onContentSizeChange={[Function]}
    onLayout={[Function]}
    onMomentumScrollBegin={[Function]}
    onMomentumScrollEnd={[Function]}
    onScroll={[Function]}
    onScrollBeginDrag={[Function]}
    onScrollEndDrag={[Function]}
    removeClippedSubviews={false}
    renderItem={[Function]}
    scrollEventThrottle={50}
    stickyHeaderIndices={Array []}
    style={
      Object {
        "flex": 1,
        "width": "100%",
      }
    }
    viewabilityConfigCallbackPairs={Array []}
  >
    <View>
      <View
        onLayout={[Function]}
        style={null}
      >
        <View
          style={
            Array [
              Object {
                "width": "100%",
              },
              Object {
                "marginBottom": 12,
              },
            ]
          }
        >
          <View
            accessibilityState={
              Object {
                "disabled": true,
              }
            }
            accessible={true}
            focusable={false}
            onClick={[Function]}
            onResponderGrant={[Function]}
            onResponderMove={[Function]}
            onResponderRelease={[Function]}
            onResponderTerminate={[Function]}
            onResponderTerminationRequest={[Function]}
            onStartShouldSetResponder={[Function]}
            style={
              Object {
                "flexGrow": 1,
                "flexShrink": 1,
              }
            }
          >
            <View
              style={
                Array [
                  Object {
                    "paddingHorizontal": 16,
                  },
                  Object {
                    "paddingVertical": 16,
                  },
                  Object {
                    "alignItems": "center",
                    "flexDirection": "row",
                    "padding": 8,
                  },
                ]
              }
            >
              <View
                style={
                  Array [
                    Object {
                      "borderRadius": 15,
                      "height": 30,
                      "width": 30,
                    },
                    Object {
                      "backgroundColor": "#ffffff",
                    },
                  ]
                }
              />
              <Text
                numberOfLines={1}
                style={
                  Array [
                    Object {
                      "textAlign": "left",
                    },
                    Object {
                      "color": "rgba(28, 27, 31, 1)",
                      "fontFamily": "System",
                      "fontWeight": "400",
                      "letterSpacing": 0,
                    },
                    Object {
                      "writingDirection": "ltr",
                    },
                    Object {
                      "color": "#22272E",
                      "fontFamily": "System",
                      "fontSize": 16,
                      "fontWeight": "700",
                      "marginLeft": 16,
                    },
                  ]
                }
              >
                Assunto 1
              </Text>
            </View>
          </View>
        </View>
      </View>
      <View
        onLayout={[Function]}
        style={null}
      >
        <View
          style={
            Array [
              Object {
                "width": "100%",
              },
              Object {
                "marginBottom": 12,
              },
            ]
          }
        >
          <View
            accessibilityState={
              Object {
                "disabled": true,
              }
            }
            accessible={true}
            focusable={false}
            onClick={[Function]}
            onResponderGrant={[Function]}
            onResponderMove={[Function]}
            onResponderRelease={[Function]}
            onResponderTerminate={[Function]}
            onResponderTerminationRequest={[Function]}
            onStartShouldSetResponder={[Function]}
            style={
              Object {
                "flexGrow": 1,
                "flexShrink": 1,
              }
            }
          >
            <View
              style={
                Array [
                  Object {
                    "paddingHorizontal": 16,
                  },
                  Object {
                    "paddingVertical": 16,
                  },
                  Object {
                    "alignItems": "center",
                    "flexDirection": "row",
                    "padding": 8,
                  },
                ]
              }
            >
              <View
                style={
                  Array [
                    Object {
                      "borderRadius": 15,
                      "height": 30,
                      "width": 30,
                    },
                    Object {
                      "backgroundColor": "#d11cd5",
                    },
                  ]
                }
              />
              <Text
                numberOfLines={1}
                style={
                  Array [
                    Object {
                      "textAlign": "left",
                    },
                    Object {
                      "color": "rgba(28, 27, 31, 1)",
                      "fontFamily": "System",
                      "fontWeight": "400",
                      "letterSpacing": 0,
                    },
                    Object {
                      "writingDirection": "ltr",
                    },
                    Object {
                      "color": "#22272E",
                      "fontFamily": "System",
                      "fontSize": 16,
                      "fontWeight": "700",
                      "marginLeft": 16,
                    },
                  ]
                }
              >
                Assunto 2
              </Text>
            </View>
          </View>
        </View>
      </View>
    </View>
  </RCTScrollView>,
  <View
    style={
      Object {
        "alignItems": "center",
        "backgroundColor": "#22272E",
        "borderRadius": 30,
        "bottom": 24,
        "height": 60,
        "justifyContent": "center",
        "position": "absolute",
        "right": 20,
        "width": 60,
      }
    }
    testID="floating-add-container"
  >
    <Icon
      color="#FFFFFF"
      name="plus"
      size={50}
    />
  </View>,
]
`;
